Microchip MPLAB XC8 Compiler V1.21 ()

Linker command line:

--edf=C:\Program Files\Microchip\xc8\v1.21\dat\en_msgs.txt -cs \
  -h+dist/default/production\HC_SR04.X.production.sym \
  --cmf=dist/default/production\HC_SR04.X.production.cmf -z -Q16F887 \
  -oC:\Users\CYTRON~1\AppData\Local\Temp\s1fg.6 \
  -Mdist/default/production/HC_SR04.X.production.map -E1 -ver=XC8 \
  -ACONST=00h-0FFhx32 -ACODE=00h-07FFhx4 -ASTRCODE=00h-01FFFh \
  -AENTRY=00h-0FFhx32 -ASTRING=00h-0FFhx32 -ACOMMON=070h-07Fh \
  -ABANK0=020h-06Fh -ABANK1=0A0h-0EFh -ABANK2=0110h-016Fh \
  -ABANK3=0190h-01EFh -ARAM=020h-06Fh,0A0h-0EFh,0110h-016Fh,0190h-01EFh \
  -AABS1=020h-07Fh,0A0h-0EFh,0110h-016Fh,0190h-01EFh -ASFR0=00h-01Fh \
  -ASFR1=080h-09Fh -ASFR2=0100h-010Fh -ASFR3=0180h-018Fh \
  -preset_vec=00h,intentry=04h,init,end_init -ppowerup=CODE -pcinit=CODE \
  -pfunctab=CODE -ACONFIG=02007h-02008h -pconfig=CONFIG -DCONFIG=2 \
  -AIDLOC=02000h-02003h -pidloc=IDLOC -DIDLOC=2 -AEEDATA=00h-0FFh/02100h \
  -peeprom_data=EEDATA -DEEDATA=2 -DCODE=2 -DSTRCODE=2 -DSTRING=2 -DCONST=2 \
  -DENTRY=2 -k C:\Users\CYTRON~1\AppData\Local\Temp\s1fg.obj \
  dist/default/production\HC_SR04.X.production.obj 

Object code version is 3.11

Machine type is 16F887



                Name                               Link     Load   Length Selector   Space Scale
C:\Users\CYTRON~1\AppData\Local\Temp\s1fg.obj
                end_init                             12       12        3        8       0
                reset_vec                             0        0        3        0       0
                config                             2007     2007        1     400E       0
dist/default/production\HC_SR04.X.production.obj
                cinit                                15       15        E        8       0
                intentry                              4        4        E        8       0
                text16                              2C9      2C9       3E        8       0
                text15                              307      307       34        8       0
                text14                              444      444       1A      746       0
                text13                              40F      40F       1B      746       0
                text12                               23       23       EE        8       0
                text11                              26B      26B       5E        8       0
                text10                              3F4      3F4       1B      746       0
                text9                               45E      45E       16      746       0
                text8                               35F      35F       23        8       0
                text7                               111      111       EB        8       0
                text6                               3D9      3D9       1B      746       0
                text5                               3BE      3BE       1B      746       0
                text4                               474      474       10      746       0
                text3                               42A      42A       1A      746       0
                text2                               3A3      3A3       1B      746       0
                text1                               33B      33B       24        8       0
                maintext                            1FC      1FC       6F        8       0
                cstackBANK0                          20       20       24       20       1
                cstackCOMMON                         70       70        E       70       1
                bssBANK0                             44       44        A       20       1
                strings                             382      382       21      704       0

TOTAL           Name                               Link     Load   Length     Space
        CLASS   CONST          

        CLASS   CODE           
                end_init                             12       12        3         0
                cinit                                15       15        E         0
                intentry                              4        4        E         0
                reset_vec                             0        0        3         0
                text16                              2C9      2C9       3E         0
                text15                              307      307       34         0
                text14                              444      444       1A         0
                text13                              40F      40F       1B         0
                text12                               23       23       EE         0
                text11                              26B      26B       5E         0
                text10                              3F4      3F4       1B         0
                text9                               45E      45E       16         0
                text8                               35F      35F       23         0
                text7                               111      111       EB         0
                text6                               3D9      3D9       1B         0
                text5                               3BE      3BE       1B         0
                text4                               474      474       10         0
                text3                               42A      42A       1A         0
                text2                               3A3      3A3       1B         0
                text1                               33B      33B       24         0
                maintext                            1FC      1FC       6F         0

        CLASS   STRCODE        

        CLASS   ENTRY          

        CLASS   STRING         
                strings                             382      382       21         0

        CLASS   COMMON         
                cstackCOMMON                         70       70        E         1

        CLASS   BANK0          
                cstackBANK0                          20       20       24         1
                bssBANK0                             44       44        A         1

        CLASS   BANK1          

        CLASS   BANK2          

        CLASS   BANK3          

        CLASS   RAM            

        CLASS   ABS1           
                abs_s1                               7E       7E        2         1

        CLASS   SFR0           

        CLASS   SFR1           

        CLASS   SFR2           

        CLASS   SFR3           

        CLASS   CONFIG         
                config                             2007     2007        1         0

        CLASS   IDLOC          

        CLASS   EEDATA         



SEGMENTS        Name                           Load    Length   Top    Selector   Space  Class     Delta

                reset_vec                      000000  000003  000003         0       0  CODE        2
                intentry                       000004  00037E  000382         8       0  CODE        2
                cstackBANK0                    000020  00002E  00004E        20       1  BANK0       1
                cstackCOMMON                   000070  00000E  00007E        70       1  COMMON      1
                strings                        000382  000021  0003A3       704       0  STRING      2
                text2                          0003A3  0000E1  000484       746       0  CODE        2
                config                         002007  000001  002008      400E       0  CONFIG      2


UNUSED ADDRESS RANGES

        Name                Unused          Largest block    Delta
        BANK0            004E-006F             22           1
        BANK1            00A0-00EF             50           1
        BANK2            0110-016F             60           1
        BANK3            0190-01EF             60           1
        CODE             0003-0003              1           2
                         0484-1FFF            800
        CONFIG           2008-2008              1           2
        CONST            0003-0003              1           2
                         0484-1FFF            100
        EEDATA           2100-21FF            100           2
        ENTRY            0003-0003              1           2
                         0484-1FFF            100
        IDLOC            2000-2003              4           2
        RAM              004E-006F             22           1
                         00A0-00EF             50
                         0110-016F             60
                         0190-01EF             60
        SFR0             0000-001F             20           1
        SFR1             0080-009F             20           1
        SFR2             0100-010F             10           1
        SFR3             0180-018F             10           1
        STRCODE          0003-0003              1           2
                         0484-1FFF           1B7C
        STRING           0003-0003              1           2
                         0484-1FFF            100

                                  Symbol Table

?___lldiv                cstackCOMMON 0070
?___lwdiv                cstackCOMMON 0070
?___lwmod                cstackCOMMON 0070
?_delay_ms               cstackBANK0  003B
?_lcd_bcd                cstackCOMMON 0078
?i1_delay_ms             cstackCOMMON 0070
ISRHigh@TMR              cstackBANK0  0039
ISRHigh@distance_cm      cstackBANK0  0035
ISRHigh@distance_inc     cstackBANK0  0037
ISRHigh@duration         cstackBANK0  0031
_ANSEL                   (abs)        0188
_ANSELH                  (abs)        0189
_INTCONbits              (abs)        000B
_IOCBbits                (abs)        0096
_ISRHigh                 text7        0111
_PORTA                   (abs)        0005
_PORTAbits               (abs)        0005
_PORTB                   (abs)        0006
_PORTBbits               (abs)        0006
_PORTC                   (abs)        0007
_PORTD                   (abs)        0008
_T1CON                   (abs)        0010
_T1CONbits               (abs)        0010
_TMR1H                   (abs)        000F
_TMR1L                   (abs)        000E
_TRISA                   (abs)        0085
_TRISB                   (abs)        0086
_TRISC                   (abs)        0087
_TRISD                   (abs)        0088
_TRISE                   (abs)        0089
__CFG_BOREN$OFF          (abs)        0000
__CFG_FCMEN$OFF          (abs)        0000
__CFG_FOSC$HS            (abs)        0000
__CFG_IESO$OFF           (abs)        0000
__CFG_LVP$OFF            (abs)        0000
__CFG_MCLRE$ON           (abs)        0000
__CFG_PWRTE$OFF          (abs)        0000
__CFG_WDTE$OFF           (abs)        0000
__Habs1                  abs1         0000
__Hbank0                 bank0        0000
__Hbank1                 bank1        0000
__Hbank2                 bank2        0000
__Hbank3                 bank3        0000
__HbssBANK0              bssBANK0     0000
__Hcinit                 cinit        0023
__Hclrtext               clrtext      0000
__Hcode                  code         0000
__Hcommon                common       0000
__Hconfig                config       2008
__HcstackBANK0           cstackBANK0  0000
__HcstackCOMMON          cstackCOMMON 0000
__Heeprom_data           eeprom_data  0000
__Hend_init              end_init     0015
__Hfunctab               functab      0000
__Hidloc                 idloc        0000
__Hinit                  init         0012
__Hintentry              intentry     0012
__Hmaintext              maintext     0000
__Hpowerup               powerup      0000
__Hram                   ram          0000
__Hreset_vec             reset_vec    0003
__Hsfr0                  sfr0         0000
__Hsfr1                  sfr1         0000
__Hsfr2                  sfr2         0000
__Hsfr3                  sfr3         0000
__Hstrings               strings      0000
__Htext                  text         0000
__Labs1                  abs1         0000
__Lbank0                 bank0        0000
__Lbank1                 bank1        0000
__Lbank2                 bank2        0000
__Lbank3                 bank3        0000
__LbssBANK0              bssBANK0     0000
__Lcinit                 cinit        0015
__Lclrtext               clrtext      0000
__Lcode                  code         0000
__Lcommon                common       0000
__Lconfig                config       2007
__LcstackBANK0           cstackBANK0  0000
__LcstackCOMMON          cstackCOMMON 0000
__Leeprom_data           eeprom_data  0000
__Lend_init              end_init     0012
__Lfunctab               functab      0000
__Lidloc                 idloc        0000
__Linit                  init         0012
__Lintentry              intentry     0004
__Lmaintext              maintext     0000
__Lpowerup               powerup      0000
__Lram                   ram          0000
__Lreset_vec             reset_vec    0000
__Lsfr0                  sfr0         0000
__Lsfr1                  sfr1         0000
__Lsfr2                  sfr2         0000
__Lsfr3                  sfr3         0000
__Lstrings               strings      0000
__Ltext                  text         0000
__S0                     (abs)        2008
__S1                     (abs)        007E
__S3                     (abs)        0000
___latbits               (abs)        0002
___lldiv                 text11       026B
___lldiv@counter         cstackCOMMON 007D
___lldiv@dividend        cstackCOMMON 0074
___lldiv@divisor         cstackCOMMON 0070
___lldiv@quotient        cstackCOMMON 0079
___lwdiv                 text16       02C9
___lwdiv@counter         cstackCOMMON 0077
___lwdiv@dividend        cstackCOMMON 0072
___lwdiv@divisor         cstackCOMMON 0070
___lwdiv@quotient        cstackCOMMON 0075
___lwmod                 text15       0307
___lwmod@counter         cstackCOMMON 0075
___lwmod@dividend        cstackCOMMON 0072
___lwmod@divisor         cstackCOMMON 0070
__end_of_ISRHigh         text7        01FC
__end_of___lldiv         text11       02C9
__end_of___lwdiv         text16       0307
__end_of___lwmod         text15       033B
__end_of__initialization cinit        001F
__end_of__stringdata     strings      03A3
__end_of__stringtab      strings      0388
__end_of_delay_ms        text6        03F4
__end_of_lcd_bcd         text12       0111
__end_of_lcd_clr         text4        0484
__end_of_lcd_goto        text3        0444
__end_of_main            maintext     026B
__end_of_send_char       text2        03BE
__end_of_send_config     text5        03D9
__end_of_send_string     text1        035F
__end_ofi1_delay_ms      text14       045E
__end_ofi1_lcd_goto      text9        0474
__end_ofi1_send_char     text13       042A
__end_ofi1_send_config   text10       040F
__end_ofi1_send_string   text8        0382
__initialization         cinit        0015
__pbssBANK0              bssBANK0     0044
__pcstackBANK0           cstackBANK0  0020
__pcstackCOMMON          cstackCOMMON 0070
__pintentry              intentry     0004
__pmaintext              maintext     01FC
__pstrings               strings      0382
__ptext1                 text1        033B
__ptext10                text10       03F4
__ptext11                text11       026B
__ptext12                text12       0023
__ptext13                text13       040F
__ptext14                text14       0444
__ptext15                text15       0307
__ptext16                text16       02C9
__ptext2                 text2        03A3
__ptext3                 text3        042A
__ptext4                 text4        0474
__ptext5                 text5        03BE
__ptext6                 text6        03D9
__ptext7                 text7        0111
__ptext8                 text8        035F
__ptext9                 text9        045E
__size_of_ISRHigh        (abs)        0000
__size_of___lldiv        (abs)        0000
__size_of___lwdiv        (abs)        0000
__size_of___lwmod        (abs)        0000
__size_of_delay_ms       (abs)        0000
__size_of_lcd_bcd        (abs)        0000
__size_of_lcd_clr        (abs)        0000
__size_of_lcd_goto       (abs)        0000
__size_of_main           (abs)        0000
__size_of_send_char      (abs)        0000
__size_of_send_config    (abs)        0000
__size_of_send_string    (abs)        0000
__size_ofi1_delay_ms     (abs)        0000
__size_ofi1_lcd_goto     (abs)        0000
__size_ofi1_send_char    (abs)        0000
__size_ofi1_send_config  (abs)        0000
__size_ofi1_send_string  (abs)        0000
__stringbase             strings      0387
__stringdata             strings      0388
__stringtab              strings      0382
_delay_ms                text6        03D9
_lcd_bcd                 text12       0023
_lcd_clr                 text4        0474
_lcd_goto                text3        042A
_main                    maintext     01FC
_send_char               text2        03A3
_send_config             text5        03BE
_send_string             text1        033B
btemp                    (abs)        007E
delay_ms@ui_value        cstackBANK0  003B
end_of_initialization    cinit        001F
i1_delay_ms              text14       0444
i1_lcd_goto              text9        045E
i1_send_char             text13       040F
i1_send_config           text10       03F4
i1_send_string           text8        035F
i1delay_ms@ui_value      cstackCOMMON 0070
i1lcd_goto@data          cstackCOMMON 0076
i1send_char@data         cstackCOMMON 0074
i1send_config@data       cstackCOMMON 0074
i1send_string@i          cstackCOMMON 0076
i1send_string@s          cstackCOMMON 0077
interrupt_function       intentry     0004
intlevel0                functab      0000
intlevel1                functab      0000
intlevel2                functab      0000
intlevel3                functab      0000
intlevel4                functab      0000
intlevel5                functab      0000
lcd_bcd@F1674            bssBANK0     0044
lcd_bcd@uc_digit         cstackBANK0  002A
lcd_bcd@ui_decimal       cstackBANK0  0020
lcd_bcd@ui_number        cstackCOMMON 0078
lcd_goto@data            cstackBANK0  0041
reset_vec                reset_vec    0000
saved_w                  (abs)        007E
send_char@data           cstackBANK0  003F
send_config@data         cstackBANK0  003F
send_string@i            cstackBANK0  0041
send_string@s            cstackBANK0  0042
start                    init         0012
start_initialization     cinit        0015
wtemp0                   (abs)        007E


FUNCTION INFORMATION:

 *************** function _main *****************
 Defined at:
		line 53 in file "Main.c"
 Parameters:    Size  Location     Type
		None
 Auto vars:     Size  Location     Type
		None
 Return value:  Size  Location     Type
		None               void
 Registers used:
		wreg, fsr0l, fsr0h, fsr1l, fsr1h, fsr1l, fsr1h, status,2, status,0, btemp+1, pclath, cstack
 Tracked objects:
		On entry : 
		On exit  : 
		Unchanged: 
 Data sizes:     COMMON   BANK0   BANK1   BANK3   BANK2
      Params:         0       0       0       0       0
      Locals:         0       0       0       0       0
      Temps:          0       1       0       0       0
      Totals:         0       1       0       0       0
Total ram usage:        1 bytes
 Hardware stack levels required when called:    7
 This function calls:
		_send_config
		_lcd_clr
		_lcd_goto
		_send_string
 This function is called by:
		Startup code after reset
 This function uses a non-reentrant model


 *************** function _send_string *****************
 Defined at:
		line 206 in file "Main.c"
 Parameters:    Size  Location     Type
  s               1    wreg     PTR const unsigned char 
		 -> STR_4(4), STR_3(4), STR_2(14), STR_1(9), 
 Auto vars:     Size  Location     Type
  s               1   34[BANK0 ] PTR const unsigned char 
		 -> STR_4(4), STR_3(4), STR_2(14), STR_1(9), 
  i               1   33[BANK0 ] unsigned char 
 Return value:  Size  Location     Type
		None               void
 Registers used:
		wreg, fsr0l, fsr0h, status,2, status,0, pclath, cstack
 Tracked objects:
		On entry : 
		On exit  : 
		Unchanged: 
 Data sizes:     COMMON   BANK0   BANK1   BANK3   BANK2
      Params:         0       0       0       0       0
      Locals:         0       2       0       0       0
      Temps:          0       1       0       0       0
      Totals:         0       3       0       0       0
Total ram usage:        3 bytes
 Hardware stack levels used:    1
 Hardware stack levels required when called:    6
 This function calls:
		_send_char
 This function is called by:
		_main
 This function uses a non-reentrant model


 *************** function _send_char *****************
 Defined at:
		line 174 in file "Main.c"
 Parameters:    Size  Location     Type
  data            1    wreg     unsigned char 
 Auto vars:     Size  Location     Type
  data            1   31[BANK0 ] unsigned char 
 Return value:  Size  Location     Type
		None               void
 Registers used:
		wreg, status,2, status,0, pclath, cstack
 Tracked objects:
		On entry : 
		On exit  : 
		Unchanged: 
 Data sizes:     COMMON   BANK0   BANK1   BANK3   BANK2
      Params:         0       0       0       0       0
      Locals:         0       1       0       0       0
      Temps:          0       0       0       0       0
      Totals:         0       1       0       0       0
Total ram usage:        1 bytes
 Hardware stack levels used:    1
 Hardware stack levels required when called:    5
 This function calls:
		_delay_ms
 This function is called by:
		_send_string
 This function uses a non-reentrant model


 *************** function _lcd_goto *****************
 Defined at:
		line 185 in file "Main.c"
 Parameters:    Size  Location     Type
  data            1    wreg     unsigned char 
 Auto vars:     Size  Location     Type
  data            1   33[BANK0 ] unsigned char 
 Return value:  Size  Location     Type
		None               void
 Registers used:
		wreg, status,2, status,0, pclath, cstack
 Tracked objects:
		On entry : 
		On exit  : 
		Unchanged: 
 Data sizes:     COMMON   BANK0   BANK1   BANK3   BANK2
      Params:         0       0       0       0       0
      Locals:         0       1       0       0       0
      Temps:          0       1       0       0       0
      Totals:         0       2       0       0       0
Total ram usage:        2 bytes
 Hardware stack levels used:    1
 Hardware stack levels required when called:    6
 This function calls:
		_send_config
 This function is called by:
		_main
 This function uses a non-reentrant model


 *************** function _lcd_clr *****************
 Defined at:
		line 199 in file "Main.c"
 Parameters:    Size  Location     Type
		None
 Auto vars:     Size  Location     Type
		None
 Return value:  Size  Location     Type
		None               void
 Registers used:
		wreg, status,2, status,0, pclath, cstack
 Tracked objects:
		On entry : 
		On exit  : 
		Unchanged: 
 Data sizes:     COMMON   BANK0   BANK1   BANK3   BANK2
      Params:         0       0       0       0       0
      Locals:         0       0       0       0       0
      Temps:          0       0       0       0       0
      Totals:         0       0       0       0       0
Total ram usage:        0 bytes
 Hardware stack levels used:    1
 Hardware stack levels required when called:    6
 This function calls:
		_send_config
		_delay_ms
 This function is called by:
		_main
 This function uses a non-reentrant model


 *************** function _send_config *****************
 Defined at:
		line 163 in file "Main.c"
 Parameters:    Size  Location     Type
  data            1    wreg     unsigned char 
 Auto vars:     Size  Location     Type
  data            1   31[BANK0 ] unsigned char 
 Return value:  Size  Location     Type
		None               void
 Registers used:
		wreg, status,2, status,0, pclath, cstack
 Tracked objects:
		On entry : 
		On exit  : 
		Unchanged: 
 Data sizes:     COMMON   BANK0   BANK1   BANK3   BANK2
      Params:         0       0       0       0       0
      Locals:         0       1       0       0       0
      Temps:          0       0       0       0       0
      Totals:         0       1       0       0       0
Total ram usage:        1 bytes
 Hardware stack levels used:    1
 Hardware stack levels required when called:    5
 This function calls:
		_delay_ms
 This function is called by:
		_main
		_lcd_goto
		_lcd_clr
 This function uses a non-reentrant model


 *************** function _delay_ms *****************
 Defined at:
		line 151 in file "Main.c"
 Parameters:    Size  Location     Type
  ui_value        2   27[BANK0 ] unsigned int 
 Auto vars:     Size  Location     Type
		None
 Return value:  Size  Location     Type
		None               void
 Registers used:
		wreg
 Tracked objects:
		On entry : 
		On exit  : 
		Unchanged: 
 Data sizes:     COMMON   BANK0   BANK1   BANK3   BANK2
      Params:         0       2       0       0       0
      Locals:         0       0       0       0       0
      Temps:          0       2       0       0       0
      Totals:         0       4       0       0       0
Total ram usage:        4 bytes
 Hardware stack levels used:    1
 Hardware stack levels required when called:    4
 This function calls:
		Nothing
 This function is called by:
		_send_config
		_send_char
		_lcd_clr
 This function uses a non-reentrant model


 *************** function _ISRHigh *****************
 Defined at:
		line 112 in file "Main.c"
 Parameters:    Size  Location     Type
		None
 Auto vars:     Size  Location     Type
  duration        4   17[BANK0 ] unsigned long 
  TMR             2   25[BANK0 ] unsigned int 
  distance_inc    2   23[BANK0 ] unsigned int 
  distance_cm     2   21[BANK0 ] unsigned int 
 Return value:  Size  Location     Type
		None               void
 Registers used:
		wreg, fsr0l, fsr0h, status,2, status,0, btemp+1, pclath, cstack
 Tracked objects:
		On entry : 
		On exit  : 
		Unchanged: 
 Data sizes:     COMMON   BANK0   BANK1   BANK3   BANK2
      Params:         0       0       0       0       0
      Locals:         0      10       0       0       0
      Temps:          0       6       0       0       0
      Totals:         0      16       0       0       0
Total ram usage:       16 bytes
 Hardware stack levels used:    1
 Hardware stack levels required when called:    3
 This function calls:
		_lcd_bcd
		___lldiv
		___lwdiv
		i1_delay_ms
		i1_lcd_goto
		i1_send_string
 This function is called by:
		Interrupt level 1
 This function uses a non-reentrant model


 *************** function i1_send_string *****************
 Defined at:
		line 206 in file "Main.c"
 Parameters:    Size  Location     Type
  s               1    wreg     PTR const unsigned char 
		 -> STR_4(4), STR_3(4), STR_2(14), STR_1(9), 
 Auto vars:     Size  Location     Type
  s               1    7[COMMON] PTR const unsigned char 
		 -> STR_4(4), STR_3(4), STR_2(14), STR_1(9), 
  send_string     1    6[COMMON] unsigned char 
 Return value:  Size  Location     Type
		None               void
 Registers used:
		wreg, fsr0l, fsr0h, status,2, status,0, pclath, cstack
 Tracked objects:
		On entry : 
		On exit  : 
		Unchanged: 
 Data sizes:     COMMON   BANK0   BANK1   BANK3   BANK2
      Params:         0       0       0       0       0
      Locals:         2       0       0       0       0
      Temps:          1       0       0       0       0
      Totals:         3       0       0       0       0
Total ram usage:        3 bytes
 Hardware stack levels used:    1
 Hardware stack levels required when called:    2
 This function calls:
		i1_send_char
 This function is called by:
		_ISRHigh
 This function uses a non-reentrant model


 *************** function i1_lcd_goto *****************
 Defined at:
		line 185 in file "Main.c"
 Parameters:    Size  Location     Type
  data            1    wreg     unsigned char 
 Auto vars:     Size  Location     Type
  data            1    6[COMMON] unsigned char 
 Return value:  Size  Location     Type
		None               void
 Registers used:
		wreg, status,2, status,0, pclath, cstack
 Tracked objects:
		On entry : 
		On exit  : 
		Unchanged: 
 Data sizes:     COMMON   BANK0   BANK1   BANK3   BANK2
      Params:         0       0       0       0       0
      Locals:         1       0       0       0       0
      Temps:          1       0       0       0       0
      Totals:         2       0       0       0       0
Total ram usage:        2 bytes
 Hardware stack levels used:    1
 Hardware stack levels required when called:    2
 This function calls:
		i1_send_config
 This function is called by:
		_ISRHigh
 This function uses a non-reentrant model


 *************** function i1_send_config *****************
 Defined at:
		line 163 in file "Main.c"
 Parameters:    Size  Location     Type
  data            1    wreg     unsigned char 
 Auto vars:     Size  Location     Type
  data            1    4[COMMON] unsigned char 
 Return value:  Size  Location     Type
		None               void
 Registers used:
		wreg, status,2, status,0, pclath, cstack
 Tracked objects:
		On entry : 
		On exit  : 
		Unchanged: 
 Data sizes:     COMMON   BANK0   BANK1   BANK3   BANK2
      Params:         0       0       0       0       0
      Locals:         1       0       0       0       0
      Temps:          0       0       0       0       0
      Totals:         1       0       0       0       0
Total ram usage:        1 bytes
 Hardware stack levels used:    1
 Hardware stack levels required when called:    1
 This function calls:
		i1_delay_ms
 This function is called by:
		i1_lcd_goto
 This function uses a non-reentrant model


 *************** function ___lldiv *****************
 Defined at:
		line 5 in file "C:\Program Files\Microchip\xc8\v1.21\sources\pic\lldiv.c"
 Parameters:    Size  Location     Type
  divisor         4    0[COMMON] unsigned long 
  dividend        4    4[COMMON] unsigned long 
 Auto vars:     Size  Location     Type
  quotient        4    9[COMMON] unsigned long 
  counter         1   13[COMMON] unsigned char 
 Return value:  Size  Location     Type
                  4    0[COMMON] unsigned long 
 Registers used:
		wreg, status,2, status,0
 Tracked objects:
		On entry : 
		On exit  : 
		Unchanged: 
 Data sizes:     COMMON   BANK0   BANK1   BANK3   BANK2
      Params:         8       0       0       0       0
      Locals:         5       0       0       0       0
      Temps:          1       0       0       0       0
      Totals:        14       0       0       0       0
Total ram usage:       14 bytes
 Hardware stack levels used:    1
 This function calls:
		Nothing
 This function is called by:
		_ISRHigh
 This function uses a non-reentrant model


 *************** function _lcd_bcd *****************
 Defined at:
		line 212 in file "Main.c"
 Parameters:    Size  Location     Type
  uc_digit        1    wreg     unsigned char 
  ui_number       2    8[COMMON] unsigned int 
 Auto vars:     Size  Location     Type
  uc_digit        1   10[BANK0 ] unsigned char 
  ui_decimal     10    0[BANK0 ] unsigned int [5]
 Return value:  Size  Location     Type
		None               void
 Registers used:
		wreg, fsr0l, fsr0h, status,2, status,0, pclath, cstack
 Tracked objects:
		On entry : 
		On exit  : 
		Unchanged: 
 Data sizes:     COMMON   BANK0   BANK1   BANK3   BANK2
      Params:         2       0       0       0       0
      Locals:         0      11       0       0       0
      Temps:          4       0       0       0       0
      Totals:         6      11       0       0       0
Total ram usage:       17 bytes
 Hardware stack levels used:    1
 Hardware stack levels required when called:    2
 This function calls:
		___lwdiv
		___lwmod
		i1_send_char
 This function is called by:
		_ISRHigh
 This function uses a non-reentrant model


 *************** function i1_send_char *****************
 Defined at:
		line 174 in file "Main.c"
 Parameters:    Size  Location     Type
  data            1    wreg     unsigned char 
 Auto vars:     Size  Location     Type
  data            1    4[COMMON] unsigned char 
 Return value:  Size  Location     Type
		None               void
 Registers used:
		wreg, status,2, status,0, pclath, cstack
 Tracked objects:
		On entry : 
		On exit  : 
		Unchanged: 
 Data sizes:     COMMON   BANK0   BANK1   BANK3   BANK2
      Params:         0       0       0       0       0
      Locals:         1       0       0       0       0
      Temps:          0       0       0       0       0
      Totals:         1       0       0       0       0
Total ram usage:        1 bytes
 Hardware stack levels used:    1
 Hardware stack levels required when called:    1
 This function calls:
		i1_delay_ms
 This function is called by:
		_lcd_bcd
		i1_send_string
 This function uses a non-reentrant model


 *************** function i1_delay_ms *****************
 Defined at:
		line 151 in file "Main.c"
 Parameters:    Size  Location     Type
  ui_value        2    0[COMMON] unsigned int 
 Auto vars:     Size  Location     Type
		None
 Return value:  Size  Location     Type
		None               void
 Registers used:
		wreg
 Tracked objects:
		On entry : 
		On exit  : 
		Unchanged: 
 Data sizes:     COMMON   BANK0   BANK1   BANK3   BANK2
      Params:         2       0       0       0       0
      Locals:         0       0       0       0       0
      Temps:          2       0       0       0       0
      Totals:         4       0       0       0       0
Total ram usage:        4 bytes
 Hardware stack levels used:    1
 This function calls:
		Nothing
 This function is called by:
		_ISRHigh
		i1_send_config
		i1_send_char
 This function uses a non-reentrant model


 *************** function ___lwmod *****************
 Defined at:
		line 5 in file "C:\Program Files\Microchip\xc8\v1.21\sources\pic\lwmod.c"
 Parameters:    Size  Location     Type
  divisor         2    0[COMMON] unsigned int 
  dividend        2    2[COMMON] unsigned int 
 Auto vars:     Size  Location     Type
  counter         1    5[COMMON] unsigned char 
 Return value:  Size  Location     Type
                  2    0[COMMON] unsigned int 
 Registers used:
		wreg, status,2, status,0
 Tracked objects:
		On entry : 
		On exit  : 
		Unchanged: 
 Data sizes:     COMMON   BANK0   BANK1   BANK3   BANK2
      Params:         4       0       0       0       0
      Locals:         1       0       0       0       0
      Temps:          1       0       0       0       0
      Totals:         6       0       0       0       0
Total ram usage:        6 bytes
 Hardware stack levels used:    1
 This function calls:
		Nothing
 This function is called by:
		_lcd_bcd
 This function uses a non-reentrant model


 *************** function ___lwdiv *****************
 Defined at:
		line 5 in file "C:\Program Files\Microchip\xc8\v1.21\sources\pic\lwdiv.c"
 Parameters:    Size  Location     Type
  divisor         2    0[COMMON] unsigned int 
  dividend        2    2[COMMON] unsigned int 
 Auto vars:     Size  Location     Type
  quotient        2    5[COMMON] unsigned int 
  counter         1    7[COMMON] unsigned char 
 Return value:  Size  Location     Type
                  2    0[COMMON] unsigned int 
 Registers used:
		wreg, status,2, status,0
 Tracked objects:
		On entry : 
		On exit  : 
		Unchanged: 
 Data sizes:     COMMON   BANK0   BANK1   BANK3   BANK2
      Params:         4       0       0       0       0
      Locals:         3       0       0       0       0
      Temps:          1       0       0       0       0
      Totals:         8       0       0       0       0
Total ram usage:        8 bytes
 Hardware stack levels used:    1
 This function calls:
		Nothing
 This function is called by:
		_ISRHigh
		_lcd_bcd
 This function uses a non-reentrant model



MODULE INFORMATION

Module		Function		Class		Link	Load	Size
C:\Program Files\Microchip\xc8\v1.21\sources\pic\lwmod.c
		___lwmod       		CODE           	0307	0000	52

C:\Program Files\Microchip\xc8\v1.21\sources\pic\lwmod.c estimated size: 52

C:\Program Files\Microchip\xc8\v1.21\sources\pic\lwdiv.c
		___lwdiv       		CODE           	02C9	0000	62

C:\Program Files\Microchip\xc8\v1.21\sources\pic\lwdiv.c estimated size: 62

shared
		i1_send_char   		CODE           	040F	0000	27
		__stringtab    		STRING         	0382	0000	6
		i1_send_config 		CODE           	03F4	0000	27
		i1_send_string 		CODE           	035F	0000	35
		__stringdata   		STRING         	0388	0000	27
		__initializatio		CODE           	0015	0000	10
		i1_lcd_goto    		CODE           	045E	0000	22
		i1_delay_ms    		CODE           	0444	0000	26

shared estimated size: 180

Main.c
		_main          		CODE           	01FC	0000	111
		_ISRHigh       		CODE           	0111	0000	235
		_lcd_clr       		CODE           	0474	0000	16
		_lcd_goto      		CODE           	042A	0000	26
		_lcd_bcd       		CODE           	0023	0000	238
		_send_string   		CODE           	033B	0000	36
		_send_config   		CODE           	03BE	0000	27
		_send_char     		CODE           	03A3	0000	27
		_delay_ms      		CODE           	03D9	0000	27

Main.c estimated size: 743

C:\Program Files\Microchip\xc8\v1.21\sources\pic\lldiv.c
		___lldiv       		CODE           	026B	0000	94

C:\Program Files\Microchip\xc8\v1.21\sources\pic\lldiv.c estimated size: 94

